#-----------------------------------------------------------
# Webtalk v2020.1 (64-bit)
# SW Build 2902540 on Wed May 27 19:54:35 MDT 2020
# IP Build 2902112 on Wed May 27 22:43:36 MDT 2020
# Start of session at: Sat Jan 23 16:50:28 2021
# Process ID: 18457
# Current directory: /nvme0n1/gaoruihao/zipline/Project-Zipline-FPGA/vitis-wrapper/cceip_wrapper/vivado_rtl_kernel/cceip_kernel_ex/cceip_kernel_ex.sim/sim_1/behav/xsim
# Command line: wbtcv -mode batch -source /nvme0n1/gaoruihao/zipline/Project-Zipline-FPGA/vitis-wrapper/cceip_wrapper/vivado_rtl_kernel/cceip_kernel_ex/cceip_kernel_ex.sim/sim_1/behav/xsim/xsim.dir/cceip_kernel_tb_behav/webtalk/xsim_webtalk.tcl -notrace
# Log file: /nvme0n1/gaoruihao/zipline/Project-Zipline-FPGA/vitis-wrapper/cceip_wrapper/vivado_rtl_kernel/cceip_kernel_ex/cceip_kernel_ex.sim/sim_1/behav/xsim/webtalk.log
# Journal file: /nvme0n1/gaoruihao/zipline/Project-Zipline-FPGA/vitis-wrapper/cceip_wrapper/vivado_rtl_kernel/cceip_kernel_ex/cceip_kernel_ex.sim/sim_1/behav/xsim/webtalk.jou
#-----------------------------------------------------------
source /nvme0n1/gaoruihao/zipline/Project-Zipline-FPGA/vitis-wrapper/cceip_wrapper/vivado_rtl_kernel/cceip_kernel_ex/cceip_kernel_ex.sim/sim_1/behav/xsim/xsim.dir/cceip_kernel_tb_behav/webtalk/xsim_webtalk.tcl -notrace
