#-----------------------------------------------------------
# Vivado v2020.1 (64-bit)
# SW Build 2902540 on Wed May 27 19:54:35 MDT 2020
# IP Build 2902112 on Wed May 27 22:43:36 MDT 2020
# Start of session at: Wed Jan 20 15:43:24 2021
# Process ID: 7695
# Current directory: /nvme0n1/gaoruihao/zipline/Project-Zipline-FPGA/vitis-wrapper/cceip_wrapper/vivado_rtl_kernel/cceip_kernel_ex
# Command line: vivado -notrace -source /nvme0n1/gaoruihao/zipline/Project-Zipline-FPGA/vitis-wrapper/cceip_wrapper/vivado_rtl_kernel/vivado_rtl_kernel.srcs/sources_1/ip/cceip_kernel/cceip_kernel_ex.tcl
# Log file: /nvme0n1/gaoruihao/zipline/Project-Zipline-FPGA/vitis-wrapper/cceip_wrapper/vivado_rtl_kernel/cceip_kernel_ex/vivado.log
# Journal file: /nvme0n1/gaoruihao/zipline/Project-Zipline-FPGA/vitis-wrapper/cceip_wrapper/vivado_rtl_kernel/cceip_kernel_ex/vivado.jou
#-----------------------------------------------------------
start_gui
source /nvme0n1/gaoruihao/zipline/Project-Zipline-FPGA/vitis-wrapper/cceip_wrapper/vivado_rtl_kernel/vivado_rtl_kernel.srcs/sources_1/ip/cceip_kernel/cceip_kernel_ex.tcl -notrace
update_compile_order -fileset sources_1
add_files -norecurse -scan_for_includes /nvme0n1/gaoruihao/zipline/Project-Zipline-FPGA/vitis-wrapper/cceip_wrapper/vivado_rtl_kernel/cceip_kernel_ex/imports/cceip_kernel_core.sv
update_compile_order -fileset sources_1
update_compile_order -fileset sources_1
update_compile_order -fileset sources_1
update_compile_order -fileset sources_1
report_ip_status -name ip_status 
